exports[`infinite-loop-loader When invoked on a js file containing loops should wrap WhileStatement, ForStatement and DoWhileStatement correctlu 1`] = `"module.exports.data=function(context,cb){ var x,y,z;var __ITER = 1000000000;while(true){ if(__ITER <=0){ throw new Error(\"Loop exceeded maximum allowed iterations\"); }  x = 234;  __ITER--; } var __ITER = 1000000000;for(var i=1e12;;){ if(__ITER <=0){ throw new Error(\"Loop exceeded maximum allowed iterations\"); }  y = 546;  __ITER--; }var __ITER = 1000000000;do { if(__ITER <=0){ throw new Error(\"Loop exceeded maximum allowed iterations\"); }  z = 342;  __ITER--; } while(true);return cb(null,data); };"`;
